test row 1
test row 2
test row 1
test row 2
test row 1
test row 2
test row 1
test row 2
test row 1
test row 2
test row 1
test row 2
test row 1
test row 2
test row 1
test row 2
test row 1
test row 2
test row 1
test row 2
test row 1
test row 2
test row 1
test row 2
test row 1
test row 2
test row 1
test row 2
test row 1
test row 2
test row 1
test row 2
test row 1
test row 2
test row 1
test row 2
test row 1
test row 2
test row 1
test row 2
test row 1
test row 2
test row 1
test row 2
test row 1
test row 2
test row 1
test row 2
test row 1
test row 2
test row 1
test row 2
test row 1
test row 2
test row 1
test row 2
test row 1
test row 2
test row 1
test row 2
test row 1
test row 2
test row 1
test row 2
test row 1
test row 2
test row 1
test row 2
test row 1
test row 2
test row 1
test row 2
test row 1
test row 2
test row 1
test row 2
test row 1
test row 2
test row 1
test row 2
test row 1
test row 2
test row 1
test row 2
test row 1
test row 2
test row 1
test row 2
test row 1
test row 2
test row 1
test row 2
test row 1
test row 2
test row 1
test row 2
test row 1
test row 2
test row 1
test row 2
test row 1
test row 2
test row 1
test row 2
test row 1
test row 2
test row 1
test row 2
test row 1
test row 2
test row 1
test row 2
test row 1
test row 2
test row 1
test row 2
test row 1
test row 2
test row 1
test row 2
test row 1
test row 2
test row 1
test row 2
test row 1
test row 2
test row 1
test row 2
test row 1
test row 2
test row 1
test row 2
test row 1
test row 2
test row 1
test row 2
test row 1
test row 2
test row 1
test row 2
test row 1
test row 2
test row 1
test row 2
test row 1
test row 2
test row 1
test row 2
test row 1
test row 2
test row 1
test row 2
test row 1
test row 2
test row 1
test row 2
test row 1
test row 2
test row 1
test row 2
test row 1
test row 2
test row 1
test row 2
test row 1
test row 2
test row 1
test row 2
test row 1
test row 2
test row 1
test row 2
test row 1
test row 2
test row 1
test row 2
test row 1
test row 2
test row 1
test row 2
test row 1
test row 2
test row 1
test row 2
test row 1
test row 2
test row 1
test row 2
test row 1
test row 2
test row 1
test row 2
test row 1
test row 2
test row 1
test row 2
test row 1
test row 2
test row 1
test row 2
test row 1
test row 2
test row 1
test row 2
test row 1
test row 2
test row 1
test row 2
test row 1
test row 2
test row 1
test row 2
test row 1
test row 2
test row 1
test row 2
test row 1
test row 2
test row 1
test row 2
test row 1
test row 2
test row 1
test row 2
test row 1
test row 2
test row 1
test row 2
test row 1
test row 2
test row 1
test row 2
test row 1
test row 2
test row 1
test row 2
test row 1
test row 2
test row 1
test row 2
test row 1
test row 2
test row 1
test row 2
test row 1
test row 2
test row 1
test row 2
test row 1
test row 2
test row 1
test row 2
test row 1
test row 2
test row 1
test row 2
test row 1
test row 2
test row 1
test row 2
test row 1
test row 2
test row 1
test row 2
test row 1
test row 2
test row 1
test row 2
test row 1
test row 2
test row 1
test row 2
test row 1
test row 2
test row 1
test row 2
test row 1
test row 2
test row 1
test row 2
test row 1
test row 2
test row 1
test row 2
test row 1
test row 2
test row 1
test row 2
test row 1
test row 2
test row 1
test row 2
test row 1
test row 2
test row 1
test row 2
test row 1
test row 2
test row 1
test row 2
test row 1
test row 2
test row 1
test row 2
test row 1
test row 2
test row 1
test row 2
test row 1
test row 2
test row 1
test row 2
test row 1
test row 2
test row 1
test row 2
test row 1
test row 2
test row 1
test row 2
test row 1
test row 2
test row 1
test row 2
test row 1
test row 2
test row 1
test row 2
test row 1
test row 2
test row 1
test row 2
test row 1
test row 2
test row 1
test row 2
test row 1
test row 2
test row 1
test row 2
test row 1
test row 2
